/home/konlio/STM32CubeIDE/workspace_1/oled_test/Drivers/STM32H7xx_LL_Driver/Inc/stm32h7xx_ll_adc.h:5774:22:void LL_ADC_SetAnalogWDMonitChannels(ADC_TypeDef*, uint32_t, uint32_t)	12	static
/home/konlio/STM32CubeIDE/workspace_1/oled_test/Drivers/STM32H7xx_LL_Driver/Inc/stm32h7xx_ll_adc.h:6941:26:uint32_t LL_ADC_IsEnabled(const ADC_TypeDef*)	0	static
/home/konlio/STM32CubeIDE/workspace_1/oled_test/Drivers/STM32H7xx_LL_Driver/Inc/stm32h7xx_ll_adc.h:7073:26:uint32_t LL_ADC_REG_IsConversionOngoing(const ADC_TypeDef*)	0	static
../Drivers/STM32H7xx_HAL_Driver/Src/stm32h7xx_hal_adc.c:1095:13:void HAL_ADC_MspInit(ADC_HandleTypeDef*)	0	static
../Drivers/STM32H7xx_HAL_Driver/Src/stm32h7xx_hal_adc.c:1112:13:void HAL_ADC_MspDeInit(ADC_HandleTypeDef*)	0	static
../Drivers/STM32H7xx_HAL_Driver/Src/stm32h7xx_hal_adc.c:1572:19:HAL_StatusTypeDef HAL_ADC_PollForConversion(ADC_HandleTypeDef*, uint32_t)	24	static
../Drivers/STM32H7xx_HAL_Driver/Src/stm32h7xx_hal_adc.c:1735:19:HAL_StatusTypeDef HAL_ADC_PollForEvent(ADC_HandleTypeDef*, uint32_t, uint32_t)	24	static
../Drivers/STM32H7xx_HAL_Driver/Src/stm32h7xx_hal_adc.c:2344:10:uint32_t HAL_ADC_GetValue(const ADC_HandleTypeDef*)	0	static
../Drivers/STM32H7xx_HAL_Driver/Src/stm32h7xx_hal_adc.c:2721:13:void HAL_ADC_ConvCpltCallback(ADC_HandleTypeDef*)	0	static
../Drivers/STM32H7xx_HAL_Driver/Src/stm32h7xx_hal_adc.c:2736:13:void HAL_ADC_ConvHalfCpltCallback(ADC_HandleTypeDef*)	0	static
../Drivers/STM32H7xx_HAL_Driver/Src/stm32h7xx_hal_adc.c:3891:6:void ADC_DMAHalfConvCplt(DMA_HandleTypeDef*)	8	static
../Drivers/STM32H7xx_HAL_Driver/Src/stm32h7xx_hal_adc.c:2751:13:void HAL_ADC_LevelOutOfWindowCallback(ADC_HandleTypeDef*)	0	static
../Drivers/STM32H7xx_HAL_Driver/Src/stm32h7xx_hal_adc.c:2773:13:void HAL_ADC_ErrorCallback(ADC_HandleTypeDef*)	0	static
../Drivers/STM32H7xx_HAL_Driver/Src/stm32h7xx_hal_adc.c:2361:6:void HAL_ADC_IRQHandler(ADC_HandleTypeDef*)	24	static
../Drivers/STM32H7xx_HAL_Driver/Src/stm32h7xx_hal_adc.c:3813:6:void ADC_DMAConvCplt(DMA_HandleTypeDef*)	8	static
../Drivers/STM32H7xx_HAL_Driver/Src/stm32h7xx_hal_adc.c:3909:6:void ADC_DMAError(DMA_HandleTypeDef*)	8	static
../Drivers/STM32H7xx_HAL_Driver/Src/stm32h7xx_hal_adc.c:2819:19:HAL_StatusTypeDef HAL_ADC_ConfigChannel(ADC_HandleTypeDef*, ADC_ChannelConfTypeDef*)	32	static,ignoring_inline_asm
../Drivers/STM32H7xx_HAL_Driver/Src/stm32h7xx_hal_adc.c:3132:19:HAL_StatusTypeDef HAL_ADC_AnalogWDGConfig(ADC_HandleTypeDef*, ADC_AnalogWDGConfTypeDef*)	16	static,ignoring_inline_asm
../Drivers/STM32H7xx_HAL_Driver/Src/stm32h7xx_hal_adc.c:3494:10:uint32_t HAL_ADC_GetState(const ADC_HandleTypeDef*)	0	static
../Drivers/STM32H7xx_HAL_Driver/Src/stm32h7xx_hal_adc.c:3508:10:uint32_t HAL_ADC_GetError(const ADC_HandleTypeDef*)	0	static
../Drivers/STM32H7xx_HAL_Driver/Src/stm32h7xx_hal_adc.c:3538:19:HAL_StatusTypeDef ADC_ConversionStop(ADC_HandleTypeDef*, uint32_t)	16	static
../Drivers/STM32H7xx_HAL_Driver/Src/stm32h7xx_hal_adc.c:3672:19:HAL_StatusTypeDef ADC_Enable(ADC_HandleTypeDef*)	16	static
../Drivers/STM32H7xx_HAL_Driver/Src/stm32h7xx_hal_adc.c:1397:19:HAL_StatusTypeDef HAL_ADC_Start(ADC_HandleTypeDef*)	16	static
../Drivers/STM32H7xx_HAL_Driver/Src/stm32h7xx_hal_adc.c:1884:19:HAL_StatusTypeDef HAL_ADC_Start_IT(ADC_HandleTypeDef*)	16	static
../Drivers/STM32H7xx_HAL_Driver/Src/stm32h7xx_hal_adc.c:2112:19:HAL_StatusTypeDef HAL_ADC_Start_DMA(ADC_HandleTypeDef*, uint32_t*, uint32_t)	24	static
../Drivers/STM32H7xx_HAL_Driver/Src/stm32h7xx_hal_adc.c:3751:19:HAL_StatusTypeDef ADC_Disable(ADC_HandleTypeDef*)	16	static
../Drivers/STM32H7xx_HAL_Driver/Src/stm32h7xx_hal_adc.c:842:19:HAL_StatusTypeDef HAL_ADC_DeInit(ADC_HandleTypeDef*)	16	static
../Drivers/STM32H7xx_HAL_Driver/Src/stm32h7xx_hal_adc.c:1518:19:HAL_StatusTypeDef HAL_ADC_Stop(ADC_HandleTypeDef*)	8	static
../Drivers/STM32H7xx_HAL_Driver/Src/stm32h7xx_hal_adc.c:2059:19:HAL_StatusTypeDef HAL_ADC_Stop_IT(ADC_HandleTypeDef*)	8	static
../Drivers/STM32H7xx_HAL_Driver/Src/stm32h7xx_hal_adc.c:2259:19:HAL_StatusTypeDef HAL_ADC_Stop_DMA(ADC_HandleTypeDef*)	16	static
../Drivers/STM32H7xx_HAL_Driver/Src/stm32h7xx_hal_adc.c:3935:6:void ADC_ConfigureBoostMode(ADC_HandleTypeDef*)	16	static
../Drivers/STM32H7xx_HAL_Driver/Src/stm32h7xx_hal_adc.c:407:19:HAL_StatusTypeDef HAL_ADC_Init(ADC_HandleTypeDef*)	24	static
