../Core/Src/display.cpp:13:6:void Display::writeCommand(uint8_t)	16	static
../Core/Src/display.cpp:20:6:void Display::reset()	8	static
../Core/Src/display.cpp:27:6:void Display::clear()	24	static
../Core/Src/display.cpp:35:6:void Display::init()	32	static
../Core/Src/display.cpp:57:6:void Display::setContrast(uint8_t)	24	static
../Core/Src/display.cpp:65:6:void Display::writeData(uint8_t*, uint16_t)	16	static
../Core/Src/display.cpp:72:6:void Display::setCursor(uint8_t, uint8_t)	32	static
../Core/Src/display.cpp:82:5:int Display::getFontIndex(char)	0	static
../Core/Src/display.cpp:88:6:void Display::drawChar(char, uint8_t, uint8_t)	24	static
../Core/Src/display.cpp:99:6:void Display::drawString(const char*, uint8_t, uint8_t)	40	static
../Core/Src/display.cpp:107:6:void Display::drawBitmap(const uint8_t*, uint8_t, uint8_t, uint8_t, uint8_t)	56	static
