../Core/Src/display.cpp:13:6:void Display::writeCommand(uint8_t)	16	static
../Core/Src/display.cpp:20:6:void Display::reset()	8	static
../Core/Src/display.cpp:35:6:void Display::init()	8	static
../Core/Src/display.cpp:57:6:void Display::setContrast(uint8_t)	8	static
../Core/Src/display.cpp:63:6:void Display::writeData(uint8_t*, uint16_t)	16	static
../Core/Src/display.cpp:70:6:void Display::setCursor(uint8_t, uint8_t)	16	static
../Core/Src/display.cpp:27:6:void Display::clear()	16	static
../Core/Src/display.cpp:80:5:int Display::getFontIndex(char)	0	static
../Core/Src/display.cpp:86:6:void Display::drawChar(char, uint8_t, uint8_t)	16	static
../Core/Src/display.cpp:97:6:void Display::drawString(const char*, uint8_t, uint8_t)	16	static
../Core/Src/display.cpp:105:6:void Display::drawBitmap(const Bitmap&, uint8_t, uint8_t)	24	static
