../Core/Src/main.c:59:6:void SystemClock_Config()	128	static,ignoring_inline_asm
../Core/Src/main.c:110:6:void MX_SPI1_Init()	8	static,ignoring_inline_asm
../Core/Src/main.c:144:6:void MX_QSPI_Init()	16	static,ignoring_inline_asm
../Core/Src/main.c:173:6:void MX_GPIO_Init()	64	static
../Core/Src/main.c:247:6:void MX_ADC1_Init()	48	static,ignoring_inline_asm
../Core/Src/main.c:287:6:void MX_DAC1_Init()	48	static,ignoring_inline_asm
../Core/Src/main.c:312:6:void MX_DMA_Init()	40	static,ignoring_inline_asm
../Core/Src/main.c:30:5:int main()	24	static,ignoring_inline_asm
../Core/Src/main.c:356:6:void MX_TIM6_Init()	24	static,ignoring_inline_asm
../Core/Src/main.c:406:6:void Error_Handler()	0	static,ignoring_inline_asm
